2026-02-27 10:53:05,545 - INFO - request_logger - GET / - 404 - 0.65ms
2026-02-27 10:53:05,710 - INFO - request_logger - GET /favicon.ico - 404 - 1.54ms
2026-02-27 10:53:11,549 - INFO - request_logger - GET /docs - 200 - 1.00ms
2026-02-27 10:53:11,905 - INFO - request_logger - GET /openapi.json - 200 - 23.94ms
2026-02-27 10:55:18,800 - WARNING - passlib.handlers.bcrypt - (trapped) error reading bcrypt version
Traceback (most recent call last):
  File "C:\Users\Admin\Desktop\Document_management_api\env\lib\site-packages\passlib\handlers\bcrypt.py", line 620, in _load_backend_mixin
    version = _bcrypt.__about__.__version__
AttributeError: module 'bcrypt' has no attribute '__about__'
2026-02-27 11:14:24,284 - INFO - request_logger - GET / - 404 - 1.99ms
2026-02-27 11:14:29,635 - INFO - request_logger - GET /docs - 200 - 1.00ms
2026-02-27 11:14:30,009 - INFO - request_logger - GET /openapi.json - 200 - 32.13ms
2026-02-27 11:15:09,583 - INFO - request_logger - POST /api/v1/auth/register - 200 - 736.70ms
2026-02-27 11:16:06,216 - INFO - request_logger - POST /api/v1/auth/login - 200 - 632.03ms
2026-02-27 11:17:00,861 - INFO - request_logger - POST /api/v1/auth/login - 422 - 13.00ms
2026-02-27 11:17:23,245 - INFO - request_logger - POST /api/v1/auth/login - 422 - 3.99ms
2026-02-27 11:24:38,028 - INFO - request_logger - GET / - 404 - 1.99ms
2026-02-27 11:24:43,333 - INFO - request_logger - GET /docs - 200 - 1.99ms
2026-02-27 11:24:43,698 - INFO - request_logger - GET /openapi.json - 200 - 35.90ms
2026-02-27 11:25:33,302 - INFO - request_logger - POST /api/v1/auth/login - 200 - 690.20ms
2026-02-27 11:26:09,512 - INFO - request_logger - POST /api/v1/auth/login - 200 - 615.97ms
2026-02-27 11:26:50,558 - INFO - request_logger - POST /api/v1/auth/login-json - 200 - 591.61ms
2026-02-27 11:27:32,309 - INFO - request_logger - POST /api/v1/auth/refresh - 200 - 34.91ms
2026-02-27 11:28:49,763 - INFO - request_logger - GET /api/v1/documents - 200 - 78.79ms
2026-02-27 11:29:27,579 - INFO - request_logger - POST /api/v1/documents/upload - 200 - 140.67ms
2026-02-27 11:30:00,719 - INFO - request_logger - GET /api/v1/documents/me - 200 - 13.95ms
2026-02-27 11:31:17,669 - INFO - request_logger - GET /api/v1/documents - 200 - 10.97ms
2026-02-27 11:31:57,206 - INFO - request_logger - PATCH /api/v1/documents/1/status - 400 - 7.10ms
2026-02-27 11:56:56,729 - INFO - request_logger - GET /docs - 200 - 6.62ms
2026-02-27 11:56:56,949 - INFO - request_logger - GET /openapi.json - 200 - 33.07ms
2026-02-27 11:57:17,133 - INFO - request_logger - PATCH /api/v1/documents/1/status - 401 - 6.59ms
2026-02-27 11:58:20,365 - INFO - request_logger - GET /api/v1/documents - 401 - 1.99ms
2026-02-27 11:59:10,406 - INFO - request_logger - POST /api/v1/auth/login - 200 - 713.26ms
2026-02-27 11:59:41,184 - INFO - request_logger - POST /api/v1/auth/login-json - 200 - 596.91ms
2026-02-27 12:00:16,479 - INFO - request_logger - POST /api/v1/auth/refresh - 200 - 6.51ms
2026-02-27 12:00:38,266 - INFO - request_logger - POST /api/v1/documents/upload - 401 - 82.30ms
2026-02-27 14:04:55,446 - INFO - request_logger - GET / - 404 - 1.98ms
2026-02-27 14:06:02,758 - INFO - request_logger - GET /docs - 200 - 2.00ms
2026-02-27 14:06:03,458 - INFO - request_logger - GET /openapi.json - 200 - 86.95ms
2026-02-27 14:09:21,215 - INFO - request_logger - POST /api/v1/auth/login - 200 - 331.21ms
2026-02-27 14:09:53,029 - INFO - request_logger - POST /api/v1/auth/login - 200 - 239.31ms
2026-02-27 14:10:20,480 - INFO - request_logger - POST /api/v1/documents/upload - 200 - 94.74ms
2026-02-27 14:11:20,975 - INFO - request_logger - GET /api/v1/documents/2/download - 403 - 22.94ms
2026-02-27 14:12:27,643 - INFO - request_logger - PATCH /api/v1/documents/1/status - 200 - 88.76ms
2026-02-27 14:12:27,645 - INFO - app.routes.api_v1.documents - Document 1 approved by bhargavi@example.com
2026-02-27 14:12:41,695 - INFO - request_logger - PATCH /api/v1/documents/2/status - 200 - 27.92ms
2026-02-27 14:12:41,697 - INFO - app.routes.api_v1.documents - Document 2 approved by bhargavi@example.com
2026-02-27 14:12:52,490 - INFO - request_logger - GET /api/v1/documents/2/download - 200 - 11.97ms
2026-02-27 14:13:15,413 - INFO - request_logger - GET /api/v1/documents - 200 - 30.92ms
2026-02-27 14:13:36,769 - INFO - request_logger - GET /api/v1/documents - 200 - 9.98ms
2026-02-27 14:13:59,576 - INFO - request_logger - GET /api/v1/documents - 200 - 11.97ms
2026-02-27 14:14:14,579 - INFO - request_logger - GET /api/v1/documents - 200 - 6.98ms
2026-02-27 14:14:34,455 - INFO - request_logger - GET /api/v1/documents/me - 200 - 7.98ms
2026-02-27 14:15:02,764 - INFO - request_logger - GET /api/v1/documents/admin/stats - 200 - 21.94ms
2026-02-27 14:15:23,953 - INFO - request_logger - GET /api/v1/health - 200 - 2.99ms
2026-02-27 14:16:45,860 - INFO - request_logger - POST /api/v1/auth/register - 200 - 314.16ms
2026-02-27 14:17:18,701 - INFO - request_logger - POST /api/v1/auth/login - 200 - 269.28ms
2026-02-27 14:17:58,049 - INFO - request_logger - POST /api/v1/documents/upload - 401 - 36.90ms
2026-02-27 14:18:41,773 - INFO - request_logger - POST /api/v1/auth/login - 200 - 242.35ms
2026-02-27 14:19:24,637 - INFO - request_logger - POST /api/v1/documents/upload - 400 - 44.88ms
2026-02-27 14:19:53,950 - INFO - request_logger - POST /api/v1/documents/upload - 200 - 71.81ms
2026-02-27 14:20:15,873 - INFO - request_logger - GET /api/v1/documents - 403 - 3.99ms
2026-02-27 14:20:31,509 - INFO - request_logger - PATCH /api/v1/documents/3/status - 403 - 4.99ms
2026-02-27 14:20:43,340 - INFO - request_logger - GET /api/v1/documents/3/download - 403 - 5.98ms
2026-02-27 14:20:52,449 - INFO - request_logger - GET /api/v1/documents/admin/stats - 403 - 4.98ms
2026-02-27 14:21:19,034 - INFO - request_logger - GET /api/v1/documents/me - 200 - 5.98ms
2026-02-27 14:21:27,685 - INFO - request_logger - GET /api/v1/documents - 403 - 4.99ms
2026-02-27 14:21:36,755 - INFO - request_logger - PATCH /api/v1/documents/3/status - 403 - 4.99ms
2026-02-27 14:23:14,740 - INFO - request_logger - PATCH /api/v1/documents/3/status - 403 - 27.92ms
2026-02-27 14:42:18,829 - INFO - request_logger - GET / - 404 - 3.10ms
2026-02-27 14:42:25,128 - INFO - request_logger - GET /docs - 200 - 1.03ms
2026-02-27 14:42:25,368 - INFO - request_logger - GET /openapi.json - 200 - 46.07ms
2026-02-27 14:43:06,454 - INFO - request_logger - POST /api/v1/auth/login - 200 - 723.38ms
2026-02-27 14:43:35,264 - INFO - request_logger - POST /api/v1/auth/login - 200 - 602.16ms
2026-02-27 14:44:10,961 - INFO - request_logger - POST /api/v1/documents/upload - 200 - 109.85ms
2026-02-27 14:45:29,025 - INFO - request_logger - GET /api/v1/documents - 200 - 19.93ms
2026-02-27 14:46:38,695 - INFO - request_logger - PATCH /api/v1/documents/3/status - 403 - 6.98ms
2026-02-27 14:46:48,141 - INFO - request_logger - PATCH /api/v1/documents/4/status - 403 - 4.99ms
2026-02-27 14:47:03,878 - INFO - request_logger - GET /api/v1/documents/4/download - 403 - 21.94ms
2026-02-27 14:47:16,598 - INFO - request_logger - GET /api/v1/documents/admin/stats - 403 - 5.98ms
2026-02-27 14:47:29,533 - INFO - request_logger - GET /api/v1/health - 200 - 4.13ms
2026-02-27 14:47:38,382 - INFO - request_logger - GET /api/v1/documents/admin/stats - 403 - 5.98ms
2026-02-27 14:47:45,258 - INFO - request_logger - GET /api/v1/documents/4/download - 403 - 9.81ms
2026-02-27 14:47:59,971 - INFO - request_logger - PATCH /api/v1/documents/4/status - 403 - 5.99ms
2026-02-27 15:13:44,142 - INFO - request_logger - GET /docs - 200 - 1.95ms
2026-02-27 15:13:44,437 - INFO - request_logger - GET /openapi.json - 200 - 56.86ms
2026-02-27 15:14:33,859 - INFO - request_logger - POST /api/v1/auth/login - 200 - 730.07ms
2026-02-27 15:14:55,064 - INFO - request_logger - POST /api/v1/auth/login - 200 - 601.96ms
2026-02-27 15:15:33,081 - INFO - request_logger - GET /api/v1/documents - 200 - 30.87ms
2026-02-27 15:15:53,240 - INFO - request_logger - PATCH /api/v1/documents/4/status - 403 - 10.04ms
2026-02-27 15:16:14,835 - INFO - request_logger - GET /api/v1/documents/me - 200 - 20.94ms
2026-02-27 15:16:29,560 - INFO - request_logger - PATCH /api/v1/documents/4/status - 403 - 6.23ms
2026-02-27 15:16:46,509 - INFO - request_logger - GET /api/v1/documents/4/download - 403 - 10.97ms
2026-02-27 15:16:57,871 - INFO - request_logger - GET /api/v1/documents/admin/stats - 403 - 24.96ms
2026-02-27 15:18:02,495 - INFO - request_logger - POST /api/v1/documents/upload - 200 - 97.21ms
2026-02-27 15:18:13,952 - INFO - request_logger - GET /api/v1/documents/me - 200 - 8.91ms
2026-02-27 15:18:29,185 - INFO - request_logger - GET /api/v1/documents - 200 - 9.01ms
2026-02-27 15:18:43,757 - INFO - request_logger - PATCH /api/v1/documents/5/status - 403 - 6.98ms
2026-02-27 15:19:00,622 - INFO - request_logger - DELETE /api/v1/documents/3 - 200 - 105.96ms
2026-02-27 15:19:11,538 - INFO - request_logger - DELETE /api/v1/documents/4 - 200 - 62.83ms
2026-02-27 15:19:20,442 - INFO - request_logger - GET /api/v1/documents/5/download - 403 - 6.98ms
2026-02-27 15:19:26,320 - INFO - request_logger - GET /api/v1/documents/admin/stats - 403 - 6.40ms
2026-02-27 15:19:41,134 - INFO - request_logger - GET /api/v1/health - 200 - 5.39ms
2026-02-27 15:22:02,058 - INFO - request_logger - GET /api/v1/documents - 200 - 35.54ms
2026-02-27 15:23:01,453 - INFO - request_logger - POST /api/v1/auth/login - 200 - 597.65ms
2026-02-27 15:23:21,918 - INFO - request_logger - POST /api/v1/auth/login - 200 - 580.23ms
2026-02-27 15:23:38,792 - INFO - request_logger - GET /api/v1/documents - 200 - 34.03ms
2026-02-27 15:24:24,624 - INFO - request_logger - GET /api/v1/documents/me - 200 - 14.97ms
2026-02-27 15:24:46,077 - INFO - request_logger - PATCH /api/v1/documents/2/status - 200 - 31.91ms
2026-02-27 15:24:46,080 - INFO - app.routes.api_v1.documents - Document 2 approved by bhargavi@example.com
2026-02-27 15:25:05,405 - INFO - request_logger - GET /api/v1/documents/2/download - 200 - 39.34ms
2026-02-27 15:25:14,935 - INFO - request_logger - GET /api/v1/documents/admin/stats - 200 - 53.86ms
2026-02-27 15:25:34,406 - INFO - request_logger - GET /api/v1/health - 200 - 3.99ms
